This is LuaHBTeX, Version 1.22.0 (TeX Live 2025)  (format=lualatex 2026.1.20)  26 JUL 2026 14:15
 restricted system commands enabled.
 file:line:error style messages enabled.
**"c:/Users/izzyo/OneDrive/Desktop/college-math-notes/Math 140C Spolaor Lecture Notes.tex"
("c:/Users/izzyo/OneDrive/Desktop/college-math-notes/Math 140C Spolaor Lecture Notes.tex"
LaTeX2e <2025-11-01>
L3 programming layer <2025-12-29>
Lua module: luaotfload 2024-12-03 v3.29 Lua based OpenType font support
Lua module: lualibs 2023-07-13 v2.76 ConTeXt Lua standard libraries.
Lua module: lualibs-extended 2023-07-13 v2.76 ConTeXt Lua libraries -- extended collection.
luaotfload | conf : Root cache directory is "C:/Users/izzyo/AppData/Roaming/TinyTeX/texmf-var/luatex-cache/generic/names".
luaotfload | init : Loading fontloader "fontloader-2023-12-28.lua" from kpse-resolved path "c:/Users/izzyo/AppData/Roaming/TinyTeX/texmf-dist/tex/luatex/luaotfload/fontloader-2023-12-28.lua".
Lua-only attribute luaotfload@noligature = 1
luaotfload | init : Context OpenType loader version 3.134
Inserting `luaotfload.node_processor' in `pre_linebreak_filter'.
Inserting `luaotfload.node_processor' in `hpack_filter'.
Inserting `luaotfload.glyph_stream' in `glyph_stream_provider'.
Inserting `luaotfload.define_font' in `define_font'.
Lua-only attribute luaotfload_color_attribute = 2
luaotfload | conf : Root cache directory is "C:/Users/izzyo/AppData/Roaming/TinyTeX/texmf-var/luatex-cache/generic/names".
Inserting `luaotfload.harf.strip_prefix' in `find_opentype_file'.
Inserting `luaotfload.harf.strip_prefix' in `find_truetype_file'.
Removing  `luaotfload.glyph_stream' from `glyph_stream_provider'.
Inserting `luaotfload.harf.glyphstream' in `glyph_stream_provider'.
Inserting `luaotfload.harf.finalize_vlist' in `post_linebreak_filter'.
Inserting `luaotfload.harf.finalize_hlist' in `hpack_filter'.
Inserting `luaotfload.cleanup_files' in `wrapup_run'.
Inserting `luaotfload.harf.finalize_unicode' in `finish_pdffile'.
Inserting `luaotfload.glyphinfo' in `glyph_info'.
Lua-only attribute luaotfload.letterspace_done = 3
Inserting `luaotfload.aux.set_sscale_dimens' in `luaotfload.patch_font'.
Inserting `luaotfload.aux.set_font_index' in `luaotfload.patch_font'.
Inserting `luaotfload.aux.patch_cambria_domh' in `luaotfload.patch_font'.
Inserting `luaotfload.aux.fixup_fontdata' in `luaotfload.patch_font_unsafe'.
Inserting `luaotfload.aux.set_capheight' in `luaotfload.patch_font'.
Inserting `luaotfload.aux.set_xheight' in `luaotfload.patch_font'.
Inserting `luaotfload.rewrite_fontname' in `luaotfload.patch_font'.
Inserting `tracingstacklevels' in `input_level_string'. (c:/Users/izzyo/AppData/Roaming/TinyTeX/texmf-dist/tex/latex/base/book.cls
Document Class: book 2025/01/22 v1.4n Standard LaTeX document class
(c:/Users/izzyo/AppData/Roaming/TinyTeX/texmf-dist/tex/latex/base/bk10.clo
File: bk10.clo 2025/01/22 v1.4n Standard LaTeX file (size option)
luaotfload | db : Font names database loaded from C:/Users/izzyo/AppData/Roaming/TinyTeX/texmf-var/luatex-cache/generic/names/luaotfload-names.luc.gz)
\c@part=\count273
\c@chapter=\count274
\c@section=\count275
\c@subsection=\count276
\c@subsubsection=\count277
\c@paragraph=\count278
\c@subparagraph=\count279
\c@figure=\count280
\c@table=\count281
\abovecaptionskip=\skip49
\belowcaptionskip=\skip50
\bibindent=\dimen147
) (c:/Users/izzyo/AppData/Roaming/TinyTeX/texmf-dist/tex/latex/fontspec/fontspec.sty (c:/Users/izzyo/AppData/Roaming/TinyTeX/texmf-dist/tex/latex/l3packages/xparse/xparse.sty (c:/Users/izzyo/AppData/Roaming/TinyTeX/texmf-dist/tex/latex/l3kernel/expl3.sty
Package: expl3 2025-12-29 L3 programming layer (loader) 
 (c:/Users/izzyo/AppData/Roaming/TinyTeX/texmf-dist/tex/latex/l3backend/l3backend-luatex.def
File: l3backend-luatex.def 2025-10-09 L3 backend support: PDF output (LuaTeX)
\l__color_backend_stack_int=\count282
Inserting `l3color' in `luaotfload.parse_color'.))
Package: xparse 2025-10-09 L3 Experimental document command parser
)
Package: fontspec 2025/09/29 v2.9g Font selection for XeLaTeX and LuaLaTeX
Lua module: fontspec 2025/09/29 v2.9g Font selection for XeLaTeX and LuaLaTeX (c:/Users/izzyo/AppData/Roaming/TinyTeX/texmf-dist/tex/latex/fontspec/fontspec-luatex.sty
Package: fontspec-luatex 2025/09/29 v2.9g Font selection for XeLaTeX and LuaLaTeX
\l__fontspec_script_int=\count283
\l__fontspec_language_int=\count284
\l__fontspec_strnum_int=\count285
\l__fontspec_tmp_int=\count286
\l__fontspec_tmpa_int=\count287
\l__fontspec_tmpb_int=\count288
\l__fontspec_tmpc_int=\count289
\l__fontspec_em_int=\count290
\l__fontspec_emdef_int=\count291
\l__fontspec_strong_int=\count292
\l__fontspec_strongdef_int=\count293
\l__fontspec_tmpa_dim=\dimen148
\l__fontspec_tmpb_dim=\dimen149
\l__fontspec_tmpc_dim=\dimen150
 (c:/Users/izzyo/AppData/Roaming/TinyTeX/texmf-dist/tex/latex/base/fontenc.sty
Package: fontenc 2025/07/18 v2.1d Standard LaTeX package
) (c:/Users/izzyo/AppData/Roaming/TinyTeX/texmf-dist/tex/latex/fontspec/fontspec.cfg))) (c:/Users/izzyo/AppData/Roaming/TinyTeX/texmf-dist/tex/latex/anyfontsize/anyfontsize.sty
Package: anyfontsize 2007/11/22 anyfontsize.sty by pts
) (c:/Users/izzyo/AppData/Roaming/TinyTeX/texmf-dist/tex/latex/tools/calc.sty
Package: calc 2025/03/01 v4.3b Infix arithmetic (KKT,FJ)
\calc@Acount=\count294
\calc@Bcount=\count295
\calc@Adimen=\dimen151
\calc@Bdimen=\dimen152
\calc@Askip=\skip51
\calc@Bskip=\skip52
LaTeX Info: Redefining \setlength on input line 86.
LaTeX Info: Redefining \addtolength on input line 87.
\calc@Ccount=\count296
\calc@Cskip=\skip53
) (c:/Users/izzyo/AppData/Roaming/TinyTeX/texmf-dist/tex/latex/xcolor/xcolor.sty
Package: xcolor 2024/09/29 v3.02 LaTeX color extensions (UK)
 (c:/Users/izzyo/AppData/Roaming/TinyTeX/texmf-dist/tex/latex/graphics-cfg/color.cfg
File: color.cfg 2016/01/02 v1.6 sample color configuration
)
Package xcolor Info: Driver file: luatex.def on input line 274.
 (c:/Users/izzyo/AppData/Roaming/TinyTeX/texmf-dist/tex/latex/graphics-def/luatex.def
File: luatex.def 2025/09/29 v1.2f Graphics/color driver for luatex
) (c:/Users/izzyo/AppData/Roaming/TinyTeX/texmf-dist/tex/latex/graphics/mathcolor.ltx)
Package xcolor Info: Model `cmy' substituted by `cmy0' on input line 1349.
Package xcolor Info: Model `hsb' substituted by `rgb' on input line 1353.
Package xcolor Info: Model `RGB' extended on input line 1365.
Package xcolor Info: Model `HTML' substituted by `rgb' on input line 1367.
Package xcolor Info: Model `Hsb' substituted by `hsb' on input line 1368.
Package xcolor Info: Model `tHsb' substituted by `hsb' on input line 1369.
Package xcolor Info: Model `HSB' substituted by `hsb' on input line 1370.
Package xcolor Info: Model `Gray' substituted by `gray' on input line 1371.
Package xcolor Info: Model `wave' substituted by `hsb' on input line 1372.
) (c:/Users/izzyo/AppData/Roaming/TinyTeX/texmf-dist/tex/latex/graphics/dvipsnam.def
File: dvipsnam.def 2016/06/17 v3.0m Driver-dependent file (DPC,SPQR)
) (c:/Users/izzyo/AppData/Roaming/TinyTeX/texmf-dist/tex/generic/soul/soul.sty
Package: soul 2023-06-14 v3.1 Permit use of UTF-8 characters in soul (HO)
 (c:/Users/izzyo/AppData/Roaming/TinyTeX/texmf-dist/tex/generic/soul/soul-ori.sty
Package: soul-ori 2023-06-14 v3.1 letterspacing/underlining (mf)
\SOUL@word=\toks17
\SOUL@lasttoken=\toks18
\SOUL@syllable=\toks19
\SOUL@cmds=\toks20
\SOUL@buffer=\toks21
\SOUL@token=\toks22
\SOUL@syllgoal=\dimen153
\SOUL@syllwidth=\dimen154
\SOUL@charkern=\dimen155
\SOUL@hyphkern=\dimen156
\SOUL@dimen=\dimen157
\SOUL@dimeni=\dimen158
\SOUL@minus=\count297
\SOUL@comma=\count298
\SOUL@apo=\count299
\SOUL@grave=\count300
\SOUL@spaceskip=\skip54
\SOUL@ttwidth=\dimen159
\SOUL@uldp=\dimen160
\SOUL@ulht=\dimen161
) (c:/Users/izzyo/AppData/Roaming/TinyTeX/texmf-dist/tex/generic/infwarerr/infwarerr.sty
Package: infwarerr 2019/12/03 v1.5 Providing info/warning/error messages (HO)
) (c:/Users/izzyo/AppData/Roaming/TinyTeX/texmf-dist/tex/generic/etexcmds/etexcmds.sty
Package: etexcmds 2019/12/15 v1.7 Avoid name clashes with e-TeX commands (HO)
 (c:/Users/izzyo/AppData/Roaming/TinyTeX/texmf-dist/tex/generic/iftex/iftex.sty
Package: iftex 2024/12/12 v1.0g TeX engine tests
))) (c:/Users/izzyo/AppData/Roaming/TinyTeX/texmf-dist/tex/latex/geometry/geometry.sty
Package: geometry 2020/01/02 v5.9 Page Geometry
 (c:/Users/izzyo/AppData/Roaming/TinyTeX/texmf-dist/tex/latex/graphics/keyval.sty
Package: keyval 2022/05/29 v1.15 key=value parser (DPC)
\KV@toks@=\toks23
) (c:/Users/izzyo/AppData/Roaming/TinyTeX/texmf-dist/tex/generic/iftex/ifvtex.sty
Package: ifvtex 2019/10/25 v1.7 ifvtex legacy package. Use iftex instead.
)
\Gm@cnth=\count301
\Gm@cntv=\count302
\c@Gm@tempcnt=\count303
\Gm@bindingoffset=\dimen162
\Gm@wd@mp=\dimen163
\Gm@odd@mp=\dimen164
\Gm@even@mp=\dimen165
\Gm@layoutwidth=\dimen166
\Gm@layoutheight=\dimen167
\Gm@layouthoffset=\dimen168
\Gm@layoutvoffset=\dimen169
\Gm@dimlist=\toks24
) (c:/Users/izzyo/AppData/Roaming/TinyTeX/texmf-dist/tex/latex/changepage/changepage.sty
Package: changepage 2009/10/20 v1.0c check page and change page layout
\c@cp@cntr=\count304
\cp@tempcnt=\count305
) (c:/Users/izzyo/AppData/Roaming/TinyTeX/texmf-dist/tex/latex/mathtools/mathtools.sty
Package: mathtools 2024/10/04 v1.31 mathematical typesetting tools
 (c:/Users/izzyo/AppData/Roaming/TinyTeX/texmf-dist/tex/latex/mathtools/mhsetup.sty
Package: mhsetup 2021/03/18 v1.4 programming setup (MH)
) (c:/Users/izzyo/AppData/Roaming/TinyTeX/texmf-dist/tex/latex/amsmath/amsmath.sty
Package: amsmath 2025/07/09 v2.17z AMS math features
\@mathmargin=\skip55

For additional information on amsmath, use the `?' option.
(c:/Users/izzyo/AppData/Roaming/TinyTeX/texmf-dist/tex/latex/amsmath/amstext.sty
Package: amstext 2024/11/17 v2.01 AMS text
 (c:/Users/izzyo/AppData/Roaming/TinyTeX/texmf-dist/tex/latex/amsmath/amsgen.sty
File: amsgen.sty 1999/11/30 v2.0 generic functions
\@emptytoks=\toks25
\ex@=\dimen170
)) (c:/Users/izzyo/AppData/Roaming/TinyTeX/texmf-dist/tex/latex/amsmath/amsbsy.sty
Package: amsbsy 1999/11/29 v1.2d Bold Symbols
\pmbraise@=\dimen171
) (c:/Users/izzyo/AppData/Roaming/TinyTeX/texmf-dist/tex/latex/amsmath/amsopn.sty
Package: amsopn 2022/04/08 v2.04 operator names
)
\inf@bad=\count306
LaTeX Info: Redefining \frac on input line 235.
\uproot@=\count307
\leftroot@=\count308
LaTeX Info: Redefining \overline on input line 398.
LaTeX Info: Redefining \colon on input line 409.
\classnum@=\count309
\DOTSCASE@=\count310
LaTeX Info: Redefining \ldots on input line 495.
LaTeX Info: Redefining \dots on input line 498.
LaTeX Info: Redefining \cdots on input line 619.
\Mathstrutbox@=\box53
\strutbox@=\box54
LaTeX Info: Redefining \big on input line 721.
LaTeX Info: Redefining \Big on input line 722.
LaTeX Info: Redefining \bigg on input line 723.
LaTeX Info: Redefining \Bigg on input line 724.
\big@size=\dimen172
LaTeX Font Info:    Redeclaring font encoding OML on input line 742.
LaTeX Font Info:    Redeclaring font encoding OMS on input line 743.
\macc@depth=\count311
LaTeX Info: Redefining \bmod on input line 904.
LaTeX Info: Redefining \pmod on input line 909.
LaTeX Info: Redefining \smash on input line 939.
LaTeX Info: Redefining \relbar on input line 969.
LaTeX Info: Redefining \Relbar on input line 970.
\c@MaxMatrixCols=\count312
\dotsspace@=\muskip17
\c@parentequation=\count313
\dspbrk@lvl=\count314
\tag@help=\toks26
\row@=\count315
\column@=\count316
\maxfields@=\count317
\andhelp@=\toks27
\eqnshift@=\dimen173
\alignsep@=\dimen174
\tagshift@=\dimen175
\tagwidth@=\dimen176
\totwidth@=\dimen177
\lineht@=\dimen178
\@envbody=\toks28
\multlinegap=\skip56
\multlinetaggap=\skip57
\mathdisplay@stack=\toks29
LaTeX Info: Redefining \[ on input line 2950.
LaTeX Info: Redefining \] on input line 2951.
)
\g_MT_multlinerow_int=\count318
\l_MT_multwidth_dim=\dimen179
\origjot=\skip58
\l_MT_shortvdotswithinadjustabove_dim=\dimen180
\l_MT_shortvdotswithinadjustbelow_dim=\dimen181
\l_MT_above_intertext_sep=\dimen182
\l_MT_below_intertext_sep=\dimen183
\l_MT_above_shortintertext_sep=\dimen184
\l_MT_below_shortintertext_sep=\dimen185
\xmathstrut@box=\box55
\xmathstrut@dim=\dimen186
) (c:/Users/izzyo/AppData/Roaming/TinyTeX/texmf-dist/tex/latex/amsfonts/amsfonts.sty
Package: amsfonts 2013/01/14 v3.01 Basic AMSFonts support
\symAMSa=\mathgroup4
\symAMSb=\mathgroup5
LaTeX Font Info:    Redeclaring math symbol \hbar on input line 98.
LaTeX Font Info:    Overwriting math alphabet `\mathfrak' in version `bold'
(Font)                  U/euf/m/n --> U/euf/b/n on input line 106.
) (c:/Users/izzyo/AppData/Roaming/TinyTeX/texmf-dist/tex/latex/tools/bm.sty
Package: bm 2025/10/21 v1.2g Bold Symbol Support (DPC/FMi)
\symboldoperators=\mathgroup6
\symboldletters=\mathgroup7
\symboldsymbols=\mathgroup8
Package bm Info: No bold for \OMX/cmex/m/n, using \pmb.
Package bm Info: No bold for \U/msa/m/n, using \pmb.
Package bm Info: No bold for \U/msb/m/n, using \pmb.
LaTeX Font Info:    Redeclaring math alphabet \mathbf on input line 149.
) (c:/Users/izzyo/AppData/Roaming/TinyTeX/texmf-dist/tex/latex/mathalpha/mathalpha.sty
Package: mathalpha 2025/01/17 - 1.145mathalpha (License LPPL) Michael Sharpe
 `mathalpha' v1.145, 2025/01/17, a renaming of mathalfa (msharpe) (c:/Users/izzyo/AppData/Roaming/TinyTeX/texmf-dist/tex/latex/xkeyval/xkeyval.sty
Package: xkeyval 2025/11/04 v2.10 package option processing (HA)
 (c:/Users/izzyo/AppData/Roaming/TinyTeX/texmf-dist/tex/generic/xkeyval/xkeyval.tex (c:/Users/izzyo/AppData/Roaming/TinyTeX/texmf-dist/tex/generic/xkeyval/xkvutils.tex
\XKV@toks=\toks30
\XKV@tempa@toks=\toks31
\XKV@tempb@toks=\toks32
)
\XKV@depth=\count319
File: xkeyval.tex 2014/12/03 v2.7a key=value parser (HA)
))) (c:/Users/izzyo/AppData/Roaming/TinyTeX/texmf-dist/tex/latex/amsfonts/amssymb.sty
Package: amssymb 2013/01/14 v3.01 AMS font symbols
) (c:/Users/izzyo/AppData/Roaming/TinyTeX/texmf-dist/tex/latex/xfrac/xfrac.sty (c:/Users/izzyo/AppData/Roaming/TinyTeX/texmf-dist/tex/latex/graphics/graphicx.sty
Package: graphicx 2024/12/31 v1.2e Enhanced LaTeX Graphics (DPC,SPQR)
 (c:/Users/izzyo/AppData/Roaming/TinyTeX/texmf-dist/tex/latex/graphics/graphics.sty
Package: graphics 2024/08/06 v1.4g Standard LaTeX Graphics (DPC,SPQR)
 (c:/Users/izzyo/AppData/Roaming/TinyTeX/texmf-dist/tex/latex/graphics/trig.sty
Package: trig 2023/12/02 v1.11 sin cos tan (DPC)
) (c:/Users/izzyo/AppData/Roaming/TinyTeX/texmf-dist/tex/latex/graphics-cfg/graphics.cfg
File: graphics.cfg 2016/06/04 v1.11 sample graphics configuration
)
Package graphics Info: Driver file: luatex.def on input line 106.
)
\Gin@req@height=\dimen187
\Gin@req@width=\dimen188
)
Package: xfrac 2024-06-04 Split-level fractions
\l__xfrac_slash_box=\box56
\l__xfrac_tmp_box=\box57
\l__xfrac_denominator_bot_sep_dim=\dimen189
\l__xfrac_numerator_bot_sep_dim=\dimen190
\l__xfrac_numerator_top_sep_dim=\dimen191
\l__xfrac_slash_left_sep_dim=\dimen192
\l__xfrac_slash_right_sep_dim=\dimen193
\l__xfrac_slash_left_muskip=\muskip18
\l__xfrac_slash_right_muskip=\muskip19

LaTeX template Info: Declaring template type 'xfrac' taking 3 argument(s) on
(template)           line 100.


LaTeX template Info: Declaring instance 'cmr' of type xfrac on line 392.


LaTeX template Info: Declaring instance 'cmss' of type xfrac on line 392.


LaTeX template Info: Declaring instance 'cmtt' of type xfrac on line 392.

) (c:/Users/izzyo/AppData/Roaming/TinyTeX/texmf-dist/tex/latex/overarrows/overarrows.sty
Package: overarrows 2025/10/19 v1.5 Custom extensible arrows over math expressions
 (c:/Users/izzyo/AppData/Roaming/TinyTeX/texmf-dist/tex/latex/etoolbox/etoolbox.sty
Package: etoolbox 2025/10/02 v2.5m e-TeX tools for LaTeX (JAW)
\etb@tempcnta=\count320
) (c:/Users/izzyo/AppData/Roaming/TinyTeX/texmf-dist/tex/latex/esvect/esvect.sty
Package: esvect 
\symesvector=\mathgroup9
LaTeX Font Info:    Redeclaring math symbol \fldr on input line 38.
) (c:/Users/izzyo/AppData/Roaming/TinyTeX/texmf-dist/tex/latex/pgf/utilities/pgfkeys.sty (c:/Users/izzyo/AppData/Roaming/TinyTeX/texmf-dist/tex/generic/pgf/utilities/pgfkeys.code.tex
\pgfkeys@pathtoks=\toks33
\pgfkeys@temptoks=\toks34
 (c:/Users/izzyo/AppData/Roaming/TinyTeX/texmf-dist/tex/generic/pgf/utilities/pgfkeyslibraryfiltered.code.tex
\pgfkeys@tmptoks=\toks35
)))
\overarrowlength=\skip59
\overarrowthickness=\skip60
\overarrowsmallerthickness=\skip61
\ovar@tempdim=\skip62
\ovar@tempbox=\box58
) (c:/Users/izzyo/AppData/Roaming/TinyTeX/texmf-dist/tex/latex/relsize/relsize.sty
Package: relsize 2013/03/29 ver 4.1
) (c:/Users/izzyo/AppData/Roaming/TinyTeX/texmf-dist/tex/latex/arydshln/arydshln.sty
Package: arydshln 2019/02/21 v1.76 
\dashlinedash=\dimen194
\dashlinegap=\dimen195
\adl@box=\box59
\adl@height=\dimen196
\adl@heightsave=\dimen197
\adl@depth=\dimen198
\adl@depthsave=\dimen199
\adl@finaldepth=\dimen256
\adl@columns=\count321
\adl@ncol=\count322
\adl@currentcolumn=\count323
\adl@currentcolumnsave=\count324
\adl@totalheight=\count325
\adl@totalheightsave=\count326
\adl@dash=\count327
\adl@gap=\count328
\adl@cla=\count329
\adl@clb=\count330
\adl@everyvbox=\toks36
\adl@LTpagetotal=\dimen257
)
==> First Aid for arydshln.sty applied!
(c:/Users/izzyo/AppData/Roaming/TinyTeX/texmf-dist/tex/latex/pgf/frontendlayer/tikz.sty (c:/Users/izzyo/AppData/Roaming/TinyTeX/texmf-dist/tex/latex/pgf/basiclayer/pgf.sty (c:/Users/izzyo/AppData/Roaming/TinyTeX/texmf-dist/tex/latex/pgf/utilities/pgfrcs.sty (c:/Users/izzyo/AppData/Roaming/TinyTeX/texmf-dist/tex/generic/pgf/utilities/pgfutil-common.tex
\pgfutil@everybye=\toks37
\pgfutil@tempdima=\dimen258
\pgfutil@tempdimb=\dimen259
) (c:/Users/izzyo/AppData/Roaming/TinyTeX/texmf-dist/tex/generic/pgf/utilities/pgfutil-latex.def
\pgfutil@abb=\box60
) (c:/Users/izzyo/AppData/Roaming/TinyTeX/texmf-dist/tex/generic/pgf/utilities/pgfrcs.code.tex (c:/Users/izzyo/AppData/Roaming/TinyTeX/texmf-dist/tex/generic/pgf/pgf.revision.tex)
Package: pgfrcs 2025-08-29 v3.1.11a (3.1.11a)
))
Package: pgf 2025-08-29 v3.1.11a (3.1.11a)
 (c:/Users/izzyo/AppData/Roaming/TinyTeX/texmf-dist/tex/latex/pgf/basiclayer/pgfcore.sty (c:/Users/izzyo/AppData/Roaming/TinyTeX/texmf-dist/tex/latex/pgf/systemlayer/pgfsys.sty (c:/Users/izzyo/AppData/Roaming/TinyTeX/texmf-dist/tex/generic/pgf/systemlayer/pgfsys.code.tex
Package: pgfsys 2025-08-29 v3.1.11a (3.1.11a)
\pgf@x=\dimen260
\pgf@y=\dimen261
\pgf@xa=\dimen262
\pgf@ya=\dimen263
\pgf@xb=\dimen264
\pgf@yb=\dimen265
\pgf@xc=\dimen266
\pgf@yc=\dimen267
\pgf@xd=\dimen268
\pgf@yd=\dimen269
\w@pgf@writea=\write3
\r@pgf@reada=\read2
\c@pgf@counta=\count331
\c@pgf@countb=\count332
\c@pgf@countc=\count333
\c@pgf@countd=\count334
\t@pgf@toka=\toks38
\t@pgf@tokb=\toks39
\t@pgf@tokc=\toks40
\pgf@sys@id@count=\count335
 (c:/Users/izzyo/AppData/Roaming/TinyTeX/texmf-dist/tex/generic/pgf/systemlayer/pgf.cfg
File: pgf.cfg 2025-08-29 v3.1.11a (3.1.11a)
)
Driver file for pgf: pgfsys-luatex.def
 (c:/Users/izzyo/AppData/Roaming/TinyTeX/texmf-dist/tex/generic/pgf/systemlayer/pgfsys-luatex.def
File: pgfsys-luatex.def 2025-08-29 v3.1.11a (3.1.11a)
 (c:/Users/izzyo/AppData/Roaming/TinyTeX/texmf-dist/tex/generic/pgf/systemlayer/pgfsys-common-pdf.def
File: pgfsys-common-pdf.def 2025-08-29 v3.1.11a (3.1.11a)
))) (c:/Users/izzyo/AppData/Roaming/TinyTeX/texmf-dist/tex/generic/pgf/systemlayer/pgfsyssoftpath.code.tex
File: pgfsyssoftpath.code.tex 2025-08-29 v3.1.11a (3.1.11a)
\pgfsyssoftpath@smallbuffer@items=\count336
\pgfsyssoftpath@bigbuffer@items=\count337
) (c:/Users/izzyo/AppData/Roaming/TinyTeX/texmf-dist/tex/generic/pgf/systemlayer/pgfsysprotocol.code.tex
File: pgfsysprotocol.code.tex 2025-08-29 v3.1.11a (3.1.11a)
)) (c:/Users/izzyo/AppData/Roaming/TinyTeX/texmf-dist/tex/generic/pgf/basiclayer/pgfcore.code.tex
Package: pgfcore 2025-08-29 v3.1.11a (3.1.11a)
 (c:/Users/izzyo/AppData/Roaming/TinyTeX/texmf-dist/tex/generic/pgf/math/pgfmath.code.tex (c:/Users/izzyo/AppData/Roaming/TinyTeX/texmf-dist/tex/generic/pgf/math/pgfmathutil.code.tex) (c:/Users/izzyo/AppData/Roaming/TinyTeX/texmf-dist/tex/generic/pgf/math/pgfmathparser.code.tex
\pgfmath@dimen=\dimen270
\pgfmath@count=\count338
\pgfmath@box=\box61
\pgfmath@toks=\toks41
\pgfmath@stack@operand=\toks42
\pgfmath@stack@operation=\toks43
) (c:/Users/izzyo/AppData/Roaming/TinyTeX/texmf-dist/tex/generic/pgf/math/pgfmathfunctions.code.tex) (c:/Users/izzyo/AppData/Roaming/TinyTeX/texmf-dist/tex/generic/pgf/math/pgfmathfunctions.basic.code.tex) (c:/Users/izzyo/AppData/Roaming/TinyTeX/texmf-dist/tex/generic/pgf/math/pgfmathfunctions.trigonometric.code.tex) (c:/Users/izzyo/AppData/Roaming/TinyTeX/texmf-dist/tex/generic/pgf/math/pgfmathfunctions.random.code.tex) (c:/Users/izzyo/AppData/Roaming/TinyTeX/texmf-dist/tex/generic/pgf/math/pgfmathfunctions.comparison.code.tex) (c:/Users/izzyo/AppData/Roaming/TinyTeX/texmf-dist/tex/generic/pgf/math/pgfmathfunctions.base.code.tex) (c:/Users/izzyo/AppData/Roaming/TinyTeX/texmf-dist/tex/generic/pgf/math/pgfmathfunctions.round.code.tex) (c:/Users/izzyo/AppData/Roaming/TinyTeX/texmf-dist/tex/generic/pgf/math/pgfmathfunctions.misc.code.tex) (c:/Users/izzyo/AppData/Roaming/TinyTeX/texmf-dist/tex/generic/pgf/math/pgfmathfunctions.integerarithmetics.code.tex) (c:/Users/izzyo/AppData/Roaming/TinyTeX/texmf-dist/tex/generic/pgf/math/pgfmathcalc.code.tex) (c:/Users/izzyo/AppData/Roaming/TinyTeX/texmf-dist/tex/generic/pgf/math/pgfmathfloat.code.tex
\c@pgfmathroundto@lastzeros=\count339
)) (c:/Users/izzyo/AppData/Roaming/TinyTeX/texmf-dist/tex/generic/pgf/math/pgfint.code.tex) (c:/Users/izzyo/AppData/Roaming/TinyTeX/texmf-dist/tex/generic/pgf/basiclayer/pgfcorepoints.code.tex
File: pgfcorepoints.code.tex 2025-08-29 v3.1.11a (3.1.11a)
\pgf@picminx=\dimen271
\pgf@picmaxx=\dimen272
\pgf@picminy=\dimen273
\pgf@picmaxy=\dimen274
\pgf@pathminx=\dimen275
\pgf@pathmaxx=\dimen276
\pgf@pathminy=\dimen277
\pgf@pathmaxy=\dimen278
\pgf@xx=\dimen279
\pgf@xy=\dimen280
\pgf@yx=\dimen281
\pgf@yy=\dimen282
\pgf@zx=\dimen283
\pgf@zy=\dimen284
) (c:/Users/izzyo/AppData/Roaming/TinyTeX/texmf-dist/tex/generic/pgf/basiclayer/pgfcorepathconstruct.code.tex
File: pgfcorepathconstruct.code.tex 2025-08-29 v3.1.11a (3.1.11a)
\pgf@path@lastx=\dimen285
\pgf@path@lasty=\dimen286
) (c:/Users/izzyo/AppData/Roaming/TinyTeX/texmf-dist/tex/generic/pgf/basiclayer/pgfcorepathusage.code.tex
File: pgfcorepathusage.code.tex 2025-08-29 v3.1.11a (3.1.11a)
\pgf@shorten@end@additional=\dimen287
\pgf@shorten@start@additional=\dimen288
) (c:/Users/izzyo/AppData/Roaming/TinyTeX/texmf-dist/tex/generic/pgf/basiclayer/pgfcorescopes.code.tex
File: pgfcorescopes.code.tex 2025-08-29 v3.1.11a (3.1.11a)
\pgfpic=\box62
\pgf@hbox=\box63
\pgf@layerbox@main=\box64
\pgf@picture@serial@count=\count340
) (c:/Users/izzyo/AppData/Roaming/TinyTeX/texmf-dist/tex/generic/pgf/basiclayer/pgfcoregraphicstate.code.tex
File: pgfcoregraphicstate.code.tex 2025-08-29 v3.1.11a (3.1.11a)
\pgflinewidth=\dimen289
) (c:/Users/izzyo/AppData/Roaming/TinyTeX/texmf-dist/tex/generic/pgf/basiclayer/pgfcoretransformations.code.tex
File: pgfcoretransformations.code.tex 2025-08-29 v3.1.11a (3.1.11a)
\pgf@pt@x=\dimen290
\pgf@pt@y=\dimen291
\pgf@pt@temp=\dimen292
) (c:/Users/izzyo/AppData/Roaming/TinyTeX/texmf-dist/tex/generic/pgf/basiclayer/pgfcorequick.code.tex
File: pgfcorequick.code.tex 2025-08-29 v3.1.11a (3.1.11a)
) (c:/Users/izzyo/AppData/Roaming/TinyTeX/texmf-dist/tex/generic/pgf/basiclayer/pgfcoreobjects.code.tex
File: pgfcoreobjects.code.tex 2025-08-29 v3.1.11a (3.1.11a)
) (c:/Users/izzyo/AppData/Roaming/TinyTeX/texmf-dist/tex/generic/pgf/basiclayer/pgfcorepathprocessing.code.tex
File: pgfcorepathprocessing.code.tex 2025-08-29 v3.1.11a (3.1.11a)
) (c:/Users/izzyo/AppData/Roaming/TinyTeX/texmf-dist/tex/generic/pgf/basiclayer/pgfcorearrows.code.tex
File: pgfcorearrows.code.tex 2025-08-29 v3.1.11a (3.1.11a)
\pgfarrowsep=\dimen293
) (c:/Users/izzyo/AppData/Roaming/TinyTeX/texmf-dist/tex/generic/pgf/basiclayer/pgfcoreshade.code.tex
File: pgfcoreshade.code.tex 2025-08-29 v3.1.11a (3.1.11a)
\pgf@max=\dimen294
\pgf@sys@shading@range@num=\count341
\pgf@shadingcount=\count342
) (c:/Users/izzyo/AppData/Roaming/TinyTeX/texmf-dist/tex/generic/pgf/basiclayer/pgfcoreimage.code.tex
File: pgfcoreimage.code.tex 2025-08-29 v3.1.11a (3.1.11a)
) (c:/Users/izzyo/AppData/Roaming/TinyTeX/texmf-dist/tex/generic/pgf/basiclayer/pgfcoreexternal.code.tex
File: pgfcoreexternal.code.tex 2025-08-29 v3.1.11a (3.1.11a)
\pgfexternal@startupbox=\box65
) (c:/Users/izzyo/AppData/Roaming/TinyTeX/texmf-dist/tex/generic/pgf/basiclayer/pgfcorelayers.code.tex
File: pgfcorelayers.code.tex 2025-08-29 v3.1.11a (3.1.11a)
) (c:/Users/izzyo/AppData/Roaming/TinyTeX/texmf-dist/tex/generic/pgf/basiclayer/pgfcoretransparency.code.tex
File: pgfcoretransparency.code.tex 2025-08-29 v3.1.11a (3.1.11a)
) (c:/Users/izzyo/AppData/Roaming/TinyTeX/texmf-dist/tex/generic/pgf/basiclayer/pgfcorepatterns.code.tex
File: pgfcorepatterns.code.tex 2025-08-29 v3.1.11a (3.1.11a)
) (c:/Users/izzyo/AppData/Roaming/TinyTeX/texmf-dist/tex/generic/pgf/basiclayer/pgfcorerdf.code.tex
File: pgfcorerdf.code.tex 2025-08-29 v3.1.11a (3.1.11a)
))) (c:/Users/izzyo/AppData/Roaming/TinyTeX/texmf-dist/tex/generic/pgf/modules/pgfmoduleshapes.code.tex
File: pgfmoduleshapes.code.tex 2025-08-29 v3.1.11a (3.1.11a)
\pgfnodeparttextbox=\box66
) (c:/Users/izzyo/AppData/Roaming/TinyTeX/texmf-dist/tex/generic/pgf/modules/pgfmoduleplot.code.tex
File: pgfmoduleplot.code.tex 2025-08-29 v3.1.11a (3.1.11a)
) (c:/Users/izzyo/AppData/Roaming/TinyTeX/texmf-dist/tex/latex/pgf/compatibility/pgfcomp-version-0-65.sty
Package: pgfcomp-version-0-65 2025-08-29 v3.1.11a (3.1.11a)
\pgf@nodesepstart=\dimen295
\pgf@nodesepend=\dimen296
) (c:/Users/izzyo/AppData/Roaming/TinyTeX/texmf-dist/tex/latex/pgf/compatibility/pgfcomp-version-1-18.sty
Package: pgfcomp-version-1-18 2025-08-29 v3.1.11a (3.1.11a)
)) (c:/Users/izzyo/AppData/Roaming/TinyTeX/texmf-dist/tex/latex/pgf/utilities/pgffor.sty (c:/Users/izzyo/AppData/Roaming/TinyTeX/texmf-dist/tex/latex/pgf/math/pgfmath.sty (c:/Users/izzyo/AppData/Roaming/TinyTeX/texmf-dist/tex/generic/pgf/math/pgfmath.code.tex)) (c:/Users/izzyo/AppData/Roaming/TinyTeX/texmf-dist/tex/generic/pgf/utilities/pgffor.code.tex
Package: pgffor 2025-08-29 v3.1.11a (3.1.11a)
\pgffor@iter=\dimen297
\pgffor@skip=\dimen298
\pgffor@stack=\toks44
\pgffor@toks=\toks45
)) (c:/Users/izzyo/AppData/Roaming/TinyTeX/texmf-dist/tex/generic/pgf/frontendlayer/tikz/tikz.code.tex
Package: tikz 2025-08-29 v3.1.11a (3.1.11a)
 (c:/Users/izzyo/AppData/Roaming/TinyTeX/texmf-dist/tex/generic/pgf/libraries/pgflibraryplothandlers.code.tex
File: pgflibraryplothandlers.code.tex 2025-08-29 v3.1.11a (3.1.11a)
\pgf@plot@mark@count=\count343
\pgfplotmarksize=\dimen299
)
\tikz@lastx=\dimen300
\tikz@lasty=\dimen301
\tikz@lastxsaved=\dimen302
\tikz@lastysaved=\dimen303
\tikz@lastmovetox=\dimen304
\tikz@lastmovetoy=\dimen305
\tikzleveldistance=\dimen306
\tikzsiblingdistance=\dimen307
\tikz@figbox=\box67
\tikz@figbox@bg=\box68
\tikz@tempbox=\box69
\tikz@tempbox@bg=\box70
\tikztreelevel=\count344
\tikznumberofchildren=\count345
\tikznumberofcurrentchild=\count346
\tikz@fig@count=\count347
 (c:/Users/izzyo/AppData/Roaming/TinyTeX/texmf-dist/tex/generic/pgf/modules/pgfmodulematrix.code.tex
File: pgfmodulematrix.code.tex 2025-08-29 v3.1.11a (3.1.11a)
\pgfmatrixcurrentrow=\count348
\pgfmatrixcurrentcolumn=\count349
\pgf@matrix@numberofcolumns=\count350
)
\tikz@expandcount=\count351
 (c:/Users/izzyo/AppData/Roaming/TinyTeX/texmf-dist/tex/generic/pgf/frontendlayer/tikz/libraries/tikzlibrarytopaths.code.tex
File: tikzlibrarytopaths.code.tex 2025-08-29 v3.1.11a (3.1.11a)
))) (c:/Users/izzyo/AppData/Roaming/TinyTeX/texmf-dist/tex/generic/pgf/libraries/pgflibraryarrows.meta.code.tex
File: pgflibraryarrows.meta.code.tex 2025-08-29 v3.1.11a (3.1.11a)
\pgfarrowinset=\dimen308
\pgfarrowlength=\dimen309
\pgfarrowwidth=\dimen310
\pgfarrowlinewidth=\dimen311
) (c:/Users/izzyo/AppData/Roaming/TinyTeX/texmf-dist/tex/generic/pgf/frontendlayer/tikz/libraries/graphs/tikzlibrarygraphs.code.tex
File: tikzlibrarygraphs.code.tex 2025-08-29 v3.1.11a (3.1.11a)
\tikz@lib@auto@number=\count352
\tikz@qnode@count=\count353
) (c:/Users/izzyo/AppData/Roaming/TinyTeX/texmf-dist/tex/generic/pgf/frontendlayer/tikz/libraries/graphs/tikzlibrarygraphs.standard.code.tex
File: tikzlibrarygraphs.standard.code.tex 2025-08-29 v3.1.11a (3.1.11a)
) (c:/Users/izzyo/AppData/Roaming/TinyTeX/texmf-dist/tex/latex/quiver/quiver.sty
Package: quiver 2025/06/24 quiver
 (c:/Users/izzyo/AppData/Roaming/TinyTeX/texmf-dist/tex/latex/tikz-cd/tikz-cd.sty
Package: tikz-cd 2021/05/04 v1.0 Commutative diagrams with TikZ
 (c:/Users/izzyo/AppData/Roaming/TinyTeX/texmf-dist/tex/generic/tikz-cd/tikzlibrarycd.code.tex (c:/Users/izzyo/AppData/Roaming/TinyTeX/texmf-dist/tex/generic/pgf/frontendlayer/tikz/libraries/tikzlibrarymatrix.code.tex
File: tikzlibrarymatrix.code.tex 2025-08-29 v3.1.11a (3.1.11a)
) (c:/Users/izzyo/AppData/Roaming/TinyTeX/texmf-dist/tex/generic/pgf/frontendlayer/tikz/libraries/tikzlibraryquotes.code.tex
File: tikzlibraryquotes.code.tex 2025-08-29 v3.1.11a (3.1.11a)
))) (c:/Users/izzyo/AppData/Roaming/TinyTeX/texmf-dist/tex/generic/pgf/frontendlayer/tikz/libraries/tikzlibrarycalc.code.tex
File: tikzlibrarycalc.code.tex 2025-08-29 v3.1.11a (3.1.11a)
) (c:/Users/izzyo/AppData/Roaming/TinyTeX/texmf-dist/tex/generic/pgf/frontendlayer/tikz/libraries/tikzlibrarydecorations.pathmorphing.code.tex (c:/Users/izzyo/AppData/Roaming/TinyTeX/texmf-dist/tex/generic/pgf/frontendlayer/tikz/libraries/tikzlibrarydecorations.code.tex (c:/Users/izzyo/AppData/Roaming/TinyTeX/texmf-dist/tex/generic/pgf/modules/pgfmoduledecorations.code.tex
\pgfdecoratedcompleteddistance=\dimen312
\pgfdecoratedremainingdistance=\dimen313
\pgfdecoratedinputsegmentcompleteddistance=\dimen314
\pgfdecoratedinputsegmentremainingdistance=\dimen315
\pgf@decorate@distancetomove=\dimen316
\pgf@decorate@repeatstate=\count354
\pgfdecorationsegmentamplitude=\dimen317
\pgfdecorationsegmentlength=\dimen318
)
\tikz@lib@dec@box=\box71
) (c:/Users/izzyo/AppData/Roaming/TinyTeX/texmf-dist/tex/generic/pgf/libraries/decorations/pgflibrarydecorations.pathmorphing.code.tex)) (c:/Users/izzyo/AppData/Roaming/TinyTeX/texmf-dist/tex/latex/spath3/tikzlibraryspath3.code.tex (c:/Users/izzyo/AppData/Roaming/TinyTeX/texmf-dist/tex/latex/spath3/spath3.sty
Package: spath3 2024/05/31 v2.8 Functions for manipulating PGF soft paths
\g__spath_output_int=\count355
\l__spath_tmpa_dim=\dimen319
\l__spath_tmpb_dim=\dimen320
\l__spath_tmpa_int=\count356
\l__spath_tmpb_int=\count357
\l__spath_move_x_dim=\dimen321
\l__spath_move_y_dim=\dimen322
\l__spath_rectx_dim=\dimen323
\l__spath_recty_dim=\dimen324
\g__spath_anon_int=\count358
)
\l__tikzspath_tmpa_int=\count359
))
luaotfload | cache : Lookup cache loaded from C:/Users/izzyo/AppData/Roaming/TinyTeX/texmf-var/luatex-cache/generic/names/luaotfload-lookup-cache.luc.

Package fontspec Info: 
(fontspec)             Font family 'Calibri(0)' created for font 'Calibri'
(fontspec)             with options [].
(fontspec)              
(fontspec)              This font family consists of the following NFSS
(fontspec)             series/shapes:
(fontspec)              
(fontspec)             - 'normal' (m/n) with NFSS spec.:
(fontspec)             <->"name:Calibri:mode=node;script=latn;language=dflt;"
(fontspec)             - 'small caps'  (m/sc) with NFSS spec.:
(fontspec)             <->"name:Calibri:mode=node;script=latn;language=dflt;+smcp;"
(fontspec)             - 'bold' (b/n) with NFSS spec.:
(fontspec)             <->"name:Calibri/B:mode=node;script=latn;language=dflt;"
(fontspec)             - 'bold small caps'  (b/sc) with NFSS spec.:
(fontspec)             <->"name:Calibri/B:mode=node;script=latn;language=dflt;+smcp;"
(fontspec)             - 'italic' (m/it) with NFSS spec.:
(fontspec)             <->"name:Calibri/I:mode=node;script=latn;language=dflt;"
(fontspec)             - 'italic small caps'  (m/scit) with NFSS spec.:
(fontspec)             <->"name:Calibri/I:mode=node;script=latn;language=dflt;+smcp;"
(fontspec)             - 'bold italic' (b/it) with NFSS spec.:
(fontspec)             <->"name:Calibri/BI:mode=node;script=latn;language=dflt;"
(fontspec)             - 'bold italic small caps'  (b/scit) with NFSS spec.:
(fontspec)             <->"name:Calibri/BI:mode=node;script=latn;language=dflt;+smcp;"

\c@PropNumber=\count360
\c@SubPropNumber=\count361
\c@LectureNumber=\count362
 ("./Math 140C Spolaor Lecture Notes.aux")
\openout1 = Math 140C Spolaor Lecture Notes.aux

LaTeX Font Info:    Checking defaults for OML/cmm/m/it on input line 269.
LaTeX Font Info:    ... okay on input line 269.
LaTeX Font Info:    Checking defaults for OMS/cmsy/m/n on input line 269.
LaTeX Font Info:    ... okay on input line 269.
LaTeX Font Info:    Checking defaults for OT1/cmr/m/n on input line 269.
LaTeX Font Info:    ... okay on input line 269.
LaTeX Font Info:    Checking defaults for T1/cmr/m/n on input line 269.
LaTeX Font Info:    ... okay on input line 269.
LaTeX Font Info:    Checking defaults for TS1/cmr/m/n on input line 269.
LaTeX Font Info:    ... okay on input line 269.
LaTeX Font Info:    Checking defaults for TU/lmr/m/n on input line 269.
LaTeX Font Info:    ... okay on input line 269.
LaTeX Font Info:    Checking defaults for OMX/cmex/m/n on input line 269.
LaTeX Font Info:    ... okay on input line 269.
LaTeX Font Info:    Checking defaults for U/cmr/m/n on input line 269.
LaTeX Font Info:    ... okay on input line 269.

Package fontspec Info: 
(fontspec)             Adjusting the maths setup (use [no-math] to avoid
(fontspec)             this).

\symlegacymaths=\mathgroup10
LaTeX Font Info:    Overwriting symbol font `legacymaths' in version `bold'
(Font)                  OT1/cmr/m/n --> OT1/cmr/bx/n on input line 269.
LaTeX Font Info:    Redeclaring math accent \acute on input line 269.
LaTeX Font Info:    Redeclaring math accent \grave on input line 269.
LaTeX Font Info:    Redeclaring math accent \ddot on input line 269.
LaTeX Font Info:    Redeclaring math accent \tilde on input line 269.
LaTeX Font Info:    Redeclaring math accent \bar on input line 269.
LaTeX Font Info:    Redeclaring math accent \breve on input line 269.
LaTeX Font Info:    Redeclaring math accent \check on input line 269.
LaTeX Font Info:    Redeclaring math accent \hat on input line 269.
LaTeX Font Info:    Redeclaring math accent \dot on input line 269.
LaTeX Font Info:    Redeclaring math accent \mathring on input line 269.
LaTeX Font Info:    Redeclaring math symbol \Gamma on input line 269.
LaTeX Font Info:    Redeclaring math symbol \Delta on input line 269.
LaTeX Font Info:    Redeclaring math symbol \Theta on input line 269.
LaTeX Font Info:    Redeclaring math symbol \Lambda on input line 269.
LaTeX Font Info:    Redeclaring math symbol \Xi on input line 269.
LaTeX Font Info:    Redeclaring math symbol \Pi on input line 269.
LaTeX Font Info:    Redeclaring math symbol \Sigma on input line 269.
LaTeX Font Info:    Redeclaring math symbol \Upsilon on input line 269.
LaTeX Font Info:    Redeclaring math symbol \Phi on input line 269.
LaTeX Font Info:    Redeclaring math symbol \Psi on input line 269.
LaTeX Font Info:    Redeclaring math symbol \Omega on input line 269.
LaTeX Font Info:    Redeclaring math symbol \mathdollar on input line 269.
LaTeX Font Info:    Redeclaring symbol font `operators' on input line 269.
LaTeX Font Info:    Encoding `OT1' has changed to `TU' for symbol font
(Font)              `operators' in the math version `normal' on input line 269.
LaTeX Font Info:    Overwriting symbol font `operators' in version `normal'
(Font)                  OT1/cmr/m/n --> TU/lmr/m/n on input line 269.
LaTeX Font Info:    Encoding `OT1' has changed to `TU' for symbol font
(Font)              `operators' in the math version `bold' on input line 269.
LaTeX Font Info:    Overwriting symbol font `operators' in version `bold'
(Font)                  OT1/cmr/bx/n --> TU/lmr/m/n on input line 269.
LaTeX Font Info:    Overwriting symbol font `operators' in version `normal'
(Font)                  TU/lmr/m/n --> TU/lmr/m/n on input line 269.
LaTeX Font Info:    Overwriting math alphabet `\mathit' in version `normal'
(Font)                  OT1/cmr/m/it --> TU/lmr/m/it on input line 269.
LaTeX Font Info:    Overwriting math alphabet `\mathbf' in version `normal'
(Font)                  OT1/cmr/bx/n --> TU/lmr/b/n on input line 269.
LaTeX Font Info:    Overwriting math alphabet `\mathsf' in version `normal'
(Font)                  OT1/cmss/m/n --> TU/lmss/m/n on input line 269.
LaTeX Font Info:    Overwriting math alphabet `\mathtt' in version `normal'
(Font)                  OT1/cmtt/m/n --> TU/lmtt/m/n on input line 269.
LaTeX Font Info:    Overwriting symbol font `operators' in version `bold'
(Font)                  TU/lmr/m/n --> TU/lmr/b/n on input line 269.
LaTeX Font Info:    Overwriting math alphabet `\mathit' in version `bold'
(Font)                  OT1/cmr/bx/it --> TU/lmr/b/it on input line 269.
LaTeX Font Info:    Overwriting math alphabet `\mathsf' in version `bold'
(Font)                  OT1/cmss/bx/n --> TU/lmss/b/n on input line 269.
LaTeX Font Info:    Overwriting math alphabet `\mathtt' in version `bold'
(Font)                  OT1/cmtt/m/n --> TU/lmtt/b/n on input line 269.
 (c:/Users/izzyo/AppData/Roaming/TinyTeX/texmf-dist/tex/context/base/mkii/supp-pdf.mkii
[Loading MPS to PDF converter (version 2006.09.02).]
\scratchcounter=\count363
\scratchdimen=\dimen325
\scratchbox=\box72
\nofMPsegments=\count364
\nofMParguments=\count365
\everyMPshowfont=\toks46
\MPscratchCnt=\count366
\MPscratchDim=\dimen326
\MPnumerator=\count367
\makeMPintoPDFobject=\count368
\everyMPtoPDFconversion=\toks47
) (c:/Users/izzyo/AppData/Roaming/TinyTeX/texmf-dist/tex/latex/epstopdf-pkg/epstopdf-base.sty
Package: epstopdf-base 2020-01-24 v2.11 Base part for package epstopdf
Package epstopdf-base Info: Redefining graphics rule for `.eps' on input line 485.
 (c:/Users/izzyo/AppData/Roaming/TinyTeX/texmf-dist/tex/latex/latexconfig/epstopdf-sys.cfg
File: epstopdf-sys.cfg 2010/07/13 v1.3 Configuration of (r)epstopdf for TeX Live
))
*geometry* driver: auto-detecting
*geometry* detected driver: luatex
*geometry* verbose mode - [ preamble ] result:
* driver: luatex
* paper: <default>
* layout: <same size as paper>
* layoutoffset:(h,v)=(0.0pt,0.0pt)
* modes: twoside 
* h-part:(L,W,R)=(72.26999pt, 469.75502pt, 72.26999pt)
* v-part:(T,H,B)=(72.26999pt, 650.43001pt, 72.26999pt)
* \paperwidth=614.295pt
* \paperheight=794.96999pt
* \textwidth=469.75502pt
* \textheight=650.43001pt
* \oddsidemargin=0.0pt
* \evensidemargin=0.0pt
* \topmargin=-30.06749pt
* \headheight=12.0pt
* \headsep=18.06749pt
* \topskip=10.0pt
* \footskip=25.29494pt
* \marginparwidth=125.0pt
* \marginparsep=7.0pt
* \columnsep=10.0pt
* \skip\footins=9.0pt plus 4.0pt minus 2.0pt
* \hoffset=0.0pt
* \voffset=0.0pt
* \mag=1000
* \@twocolumnfalse
* \@twosidetrue
* \@mparswitchtrue
* \@reversemarginfalse
* (1in=72.27pt=25.4mm, 1cm=28.453pt)

LaTeX Font Info:    Trying to load font information for U+msa on input line 270.
(c:/Users/izzyo/AppData/Roaming/TinyTeX/texmf-dist/tex/latex/amsfonts/umsa.fd
File: umsa.fd 2013/01/14 v3.01 AMS symbols A
)
LaTeX Font Info:    Trying to load font information for U+msb on input line 270.
 (c:/Users/izzyo/AppData/Roaming/TinyTeX/texmf-dist/tex/latex/amsfonts/umsb.fd
File: umsb.fd 2013/01/14 v3.01 AMS symbols B
) [1


{c:/Users/izzyo/AppData/Roaming/TinyTeX/texmf-var/fonts/map/pdftex/updmap/pdftex.map}]
LaTeX Font Info:    Calculating math sizes for size <14> on input line 277.

Underfull \hbox (badness 10000) in paragraph at lines 277--278

 []


Underfull \hbox (badness 10000) in paragraph at lines 279--280

 []


Underfull \hbox (badness 10000) in paragraph at lines 308--309

 []


Underfull \hbox (badness 10000) in paragraph at lines 310--311

 []


Underfull \hbox (badness 10000) in paragraph at lines 319--319

 []

LaTeX Font Info:    Calculating math sizes for size <13> on input line 321.

Underfull \hbox (badness 10000) in paragraph at lines 321--322

 []

[2]
Underfull \hbox (badness 10000) in paragraph at lines 334--335

 []

[3]
Underfull \hbox (badness 10000) in paragraph at lines 385--386

 []


Underfull \hbox (badness 10000) in paragraph at lines 390--392

 []


Underfull \hbox (badness 10000) in paragraph at lines 403--403

 []

[4]
LaTeX Font Info:    Font shape `U/rsfs/m/n' will be
(Font)              scaled to size 13.4401pt on input line 422.
LaTeX Font Info:    Font shape `U/rsfs/m/n' will be
(Font)              scaled to size 9.40802pt on input line 422.
LaTeX Font Info:    Font shape `U/rsfs/m/n' will be
(Font)              scaled to size 6.72005pt on input line 422.
LaTeX Font Info:    Font shape `U/rsfs/m/n' will be
(Font)              scaled to size 12.48009pt on input line 427.
LaTeX Font Info:    Font shape `U/rsfs/m/n' will be
(Font)              scaled to size 8.73602pt on input line 427.
LaTeX Font Info:    Font shape `U/rsfs/m/n' will be
(Font)              scaled to size 6.24004pt on input line 427.

Underfull \hbox (badness 10000) in paragraph at lines 427--428

 []

[5]
Underfull \hbox (badness 10000) in paragraph at lines 470--471

 []


Underfull \hbox (badness 10000) in paragraph at lines 501--502

 []

[6]
Underfull \hbox (badness 10000) in paragraph at lines 543--544

 []

[7]
Underfull \hbox (badness 10000) in paragraph at lines 568--568

 []


Underfull \hbox (badness 10000) in paragraph at lines 573--574

 []

LaTeX Font Info:    Font shape `U/rsfs/m/n' will be
(Font)              scaled to size 11.52008pt on input line 579.
LaTeX Font Info:    Font shape `U/rsfs/m/n' will be
(Font)              scaled to size 7.68005pt on input line 579.
LaTeX Font Info:    Font shape `U/rsfs/m/n' will be
(Font)              scaled to size 5.76004pt on input line 579.

Underfull \hbox (badness 10000) in paragraph at lines 596--597

 []

[8]
Underfull \hbox (badness 10000) in paragraph at lines 617--618

 []


Underfull \hbox (badness 10000) in paragraph at lines 629--630

 []


Underfull \hbox (badness 10000) in paragraph at lines 644--645

 []


Underfull \hbox (badness 10000) in paragraph at lines 655--656

 []

[9]
Underfull \hbox (badness 10000) in paragraph at lines 670--671

 []


Underfull \hbox (badness 10000) in paragraph at lines 686--687

 []


Underfull \hbox (badness 10000) in paragraph at lines 699--700

 []


Underfull \hbox (badness 10000) in paragraph at lines 711--711

 []


Underfull \hbox (badness 10000) in paragraph at lines 716--717

 []

[10]
Underfull \hbox (badness 10000) in paragraph at lines 744--745

 []


Underfull \hbox (badness 10000) in paragraph at lines 762--763

 []


Underfull \hbox (badness 10000) in paragraph at lines 766--767

 []


Overfull \hbox (10.05373pt too wide) in paragraph at lines 768--772
 [] 
 []

[11]
Underfull \hbox (badness 10000) in paragraph at lines 790--790

 []


Underfull \hbox (badness 10000) in paragraph at lines 793--794

 []


Underfull \hbox (badness 10000) in paragraph at lines 797--798

 []


Underfull \hbox (badness 10000) in paragraph at lines 807--808

 []


Underfull \hbox (badness 10000) in paragraph at lines 810--811

 []

[12]
Underfull \hbox (badness 10000) in paragraph at lines 825--826

 []


Underfull \hbox (badness 10000) in paragraph at lines 834--835

 []


Underfull \hbox (badness 10000) in paragraph at lines 853--854

 []


Underfull \hbox (badness 10000) in paragraph at lines 857--858

 []

[13]
Underfull \hbox (badness 10000) in paragraph at lines 872--873

 []


Underfull \hbox (badness 10000) in paragraph at lines 875--876

 []


Underfull \hbox (badness 10000) in paragraph at lines 892--892

 []


Underfull \hbox (badness 10000) in paragraph at lines 893--894

 []

[14] [15]
Underfull \hbox (badness 10000) in paragraph at lines 957--958

 []


Underfull \hbox (badness 10000) in paragraph at lines 970--970

 []


Underfull \hbox (badness 10000) in paragraph at lines 978--979

 []


Underfull \hbox (badness 10000) in paragraph at lines 981--983

 []

LaTeX Font Info:    Calculating math sizes for size <11> on input line 985.
LaTeX Font Info:    Font shape `U/rsfs/m/n' will be
(Font)              scaled to size 10.56007pt on input line 985.
LaTeX Font Info:    Font shape `U/rsfs/m/n' will be
(Font)              scaled to size 7.39201pt on input line 985.
LaTeX Font Info:    Font shape `U/rsfs/m/n' will be
(Font)              scaled to size 5.28003pt on input line 985.
[16]
Underfull \hbox (badness 10000) in paragraph at lines 1004--1005

 []


Underfull \hbox (badness 10000) in paragraph at lines 1029--1029

 []

[17]
Underfull \hbox (badness 10000) in paragraph at lines 1057--1058

 []


Underfull \hbox (badness 10000) in paragraph at lines 1060--1065

 []

[18]
Underfull \hbox (badness 10000) in paragraph at lines 1110--1110

 []


Underfull \hbox (badness 10000) in paragraph at lines 1117--1118

 []

[19]
Underfull \hbox (badness 10000) in paragraph at lines 1184--1185

 []

LaTeX Font Info:    Calculating math sizes for size <11.7> on input line 1187.
LaTeX Font Info:    Font shape `U/rsfs/m/n' will be
(Font)              scaled to size 11.23207pt on input line 1187.
LaTeX Font Info:    Font shape `U/rsfs/m/n' will be
(Font)              scaled to size 7.86241pt on input line 1187.
LaTeX Font Info:    Font shape `U/rsfs/m/n' will be
(Font)              scaled to size 5.61603pt on input line 1187.
[20]
Underfull \hbox (badness 10000) in paragraph at lines 1207--1207

 []

[21]
Underfull \hbox (badness 10000) in paragraph at lines 1248--1249

 []


Underfull \hbox (badness 10000) in paragraph at lines 1259--1260

 []


Underfull \hbox (badness 10000) in paragraph at lines 1268--1268

 []


Underfull \hbox (badness 10000) in paragraph at lines 1274--1275

 []

[22]
Underfull \hbox (badness 10000) in paragraph at lines 1284--1285

 []

[23]
Underfull \hbox (badness 10000) in paragraph at lines 1357--1358

 []


Underfull \hbox (badness 10000) in paragraph at lines 1365--1365

 []


Underfull \hbox (badness 10000) in paragraph at lines 1366--1367

 []

[24]
Underfull \hbox (badness 10000) in paragraph at lines 1417--1417

 []

[25]
Underfull \hbox (badness 10000) in paragraph at lines 1437--1438

 []

LaTeX Font Info:    Calculating math sizes for size <9.1> on input line 1468.
LaTeX Font Info:    Font shape `U/rsfs/m/n' will be
(Font)              scaled to size 8.73605pt on input line 1468.
LaTeX Font Info:    Font shape `U/rsfs/m/n' will be
(Font)              scaled to size 6.1152pt on input line 1468.
LaTeX Font Info:    Font shape `U/rsfs/m/n' will be
(Font)              scaled to size 4.36803pt on input line 1468.
[26] [27]
LaTeX Font Info:    Calculating math sizes for size <11.6> on input line 1546.
LaTeX Font Info:    Font shape `U/rsfs/m/n' will be
(Font)              scaled to size 11.13608pt on input line 1546.
LaTeX Font Info:    Font shape `U/rsfs/m/n' will be
(Font)              scaled to size 7.79521pt on input line 1546.
LaTeX Font Info:    Font shape `U/rsfs/m/n' will be
(Font)              scaled to size 5.56804pt on input line 1546.
LaTeX Font Info:    Calculating math sizes for size <12.25> on input line 1554.
LaTeX Font Info:    Font shape `U/rsfs/m/n' will be
(Font)              scaled to size 11.76007pt on input line 1554.
LaTeX Font Info:    Font shape `U/rsfs/m/n' will be
(Font)              scaled to size 8.23201pt on input line 1554.
LaTeX Font Info:    Font shape `U/rsfs/m/n' will be
(Font)              scaled to size 5.88004pt on input line 1554.

Underfull \hbox (badness 10000) in paragraph at lines 1560--1561

 []

[28]
Underfull \hbox (badness 10000) in paragraph at lines 1600--1600

 []


Underfull \hbox (badness 10000) in paragraph at lines 1610--1611

 []

[29]
Underfull \hbox (badness 10000) in paragraph at lines 1623--1625

 []


Underfull \hbox (badness 10000) in paragraph at lines 1648--1649

 []

[30]
Underfull \hbox (badness 10000) in paragraph at lines 1682--1682

 []

[31]
Underfull \hbox (badness 10000) in paragraph at lines 1694--1695

 []

LaTeX Font Info:    Calculating math sizes for size <8.575> on input line 1726.
LaTeX Font Info:    Font shape `U/rsfs/m/n' will be
(Font)              scaled to size 8.23204pt on input line 1726.
LaTeX Font Info:    Font shape `U/rsfs/m/n' will be
(Font)              scaled to size 5.76239pt on input line 1726.
LaTeX Font Info:    Font shape `U/rsfs/m/n' will be
(Font)              scaled to size 4.11601pt on input line 1726.

Underfull \hbox (badness 10000) in paragraph at lines 1730--1731

 []

[32]
Underfull \hbox (badness 10000) in paragraph at lines 1753--1753

 []


Underfull \hbox (badness 10000) in paragraph at lines 1754--1755

 []

[33]
Underfull \hbox (badness 10000) in paragraph at lines 1807--1808

 []


Underfull \hbox (badness 10000) in paragraph at lines 1812--1813

 []


Underfull \hbox (badness 10000) in paragraph at lines 1816--1817

 []

[34]
Underfull \hbox (badness 10000) in paragraph at lines 1825--1826

 []

[35]
Underfull \hbox (badness 10000) in paragraph at lines 1859--1860

 []


Underfull \hbox (badness 10000) in paragraph at lines 1903--1903

 []

[36]
Underfull \hbox (badness 10000) in paragraph at lines 1907--1908

 []


Underfull \hbox (badness 10000) in paragraph at lines 1941--1941

 []


Underfull \hbox (badness 10000) in paragraph at lines 1951--1951

 []

[37] [38]
Underfull \hbox (badness 10000) in paragraph at lines 2021--2021

 []


Underfull \hbox (badness 10000) in paragraph at lines 2022--2028

 []


Underfull \hbox (badness 10000) in paragraph at lines 2060--2060

 []


Underfull \hbox (badness 10000) in paragraph at lines 2061--2062

 []


Underfull \hbox (badness 10000) in paragraph at lines 2064--2065

 []

[39]
Underfull \hbox (badness 10000) in paragraph at lines 2079--2080

 []


Overfull \hbox (8.94934pt too wide) in paragraph at lines 2081--2083
 [] 
 []


Underfull \hbox (badness 10000) in paragraph at lines 2088--2089

 []


Overfull \hbox (6.05014pt too wide) in paragraph at lines 2090--2092
 [] 
 []


Underfull \hbox (badness 10000) in paragraph at lines 2104--2104

 []


Underfull \hbox (badness 10000) in paragraph at lines 2107--2108

 []


Underfull \hbox (badness 10000) in paragraph at lines 2110--2111

 []


Underfull \hbox (badness 10000) in paragraph at lines 2119--2120

 []

[40]
Underfull \hbox (badness 10000) in paragraph at lines 2138--2139

 []

[41]
Underfull \hbox (badness 10000) in paragraph at lines 2189--2190

 []


Underfull \hbox (badness 10000) in paragraph at lines 2200--2201

 []


Underfull \hbox (badness 10000) in paragraph at lines 2212--2213

 []


Underfull \hbox (badness 10000) in paragraph at lines 2217--2218

 []

[42]
Underfull \hbox (badness 10000) in paragraph at lines 2231--2232

 []


Underfull \hbox (badness 10000) in paragraph at lines 2233--2234

 []

<./140B_images/140C_image_1.png, id=167, 510.90875pt x 491.33563pt>
File: ./140B_images/140C_image_1.png Graphic file (type png)
<use ./140B_images/140C_image_1.png>
Package luatex.def Info: ./140B_images/140C_image_1.png  used on input line 2239.
(luatex.def)             Requested size: 102.17993pt x 98.26538pt.

Underfull \hbox (badness 10000) in paragraph at lines 2257--2259

 []


Underfull \hbox (badness 10000) in paragraph at lines 2260--2261

 []


Underfull \hbox (badness 10000) in paragraph at lines 2266--2267

 []

[43<./140B_images/140C_image_1.png>]
Underfull \hbox (badness 10000) in paragraph at lines 2313--2313

 []

[44]
Underfull \hbox (badness 10000) in paragraph at lines 2349--2351

 []

[45]
LaTeX Font Info:    Calculating math sizes for size <12.5> on input line 2393.
LaTeX Font Info:    Font shape `U/rsfs/m/n' will be
(Font)              scaled to size 12.00008pt on input line 2393.
LaTeX Font Info:    Font shape `U/rsfs/m/n' will be
(Font)              scaled to size 8.40001pt on input line 2393.
LaTeX Font Info:    Font shape `U/rsfs/m/n' will be
(Font)              scaled to size 6.00003pt on input line 2393.

Underfull \hbox (badness 10000) in paragraph at lines 2399--2399

 []


Underfull \hbox (badness 10000) in paragraph at lines 2405--2406

 []

LaTeX Font Info:    Trying to load font information for U+euf on input line 2410.
(c:/Users/izzyo/AppData/Roaming/TinyTeX/texmf-dist/tex/latex/amsfonts/ueuf.fd
File: ueuf.fd 2013/01/14 v3.01 Euler Fraktur
) [46]
Underfull \hbox (badness 10000) in paragraph at lines 2496--2497

 []


Underfull \hbox (badness 10000) in paragraph at lines 2497--2498

 []

[47]
Underfull \hbox (badness 10000) in paragraph at lines 2518--2519

 []


Underfull \hbox (badness 10000) in paragraph at lines 2529--2530

 []


Underfull \hbox (badness 10000) in paragraph at lines 2535--2536

 []


Underfull \hbox (badness 10000) in paragraph at lines 2546--2546

 []


Underfull \hbox (badness 10000) in paragraph at lines 2546--2546

 []


Underfull \hbox (badness 10000) in paragraph at lines 2546--2546

 []


Underfull \hbox (badness 10000) in paragraph at lines 2546--2546

 []


Overfull \hbox (4.77255pt too wide) in paragraph at lines 2539--2547
[][]| 
 []


Overfull \hbox (4.77255pt too wide) in paragraph at lines 2548--2560
[][]| 
 []


Underfull \hbox (badness 10000) in paragraph at lines 2538--2561

 []

[48]
Underfull \hbox (badness 10000) in paragraph at lines 2572--2573

 []


Underfull \hbox (badness 10000) in paragraph at lines 2576--2577

 []


Underfull \hbox (badness 10000) in paragraph at lines 2582--2583

 []


Underfull \hbox (badness 10000) in paragraph at lines 2584--2585

 []


Underfull \hbox (badness 10000) in paragraph at lines 2596--2597

 []


Underfull \hbox (badness 10000) in paragraph at lines 2599--2600

 []


Underfull \hbox (badness 10000) in paragraph at lines 2606--2607

 []

[49]
Underfull \hbox (badness 10000) in paragraph at lines 2615--2616

 []


Underfull \hbox (badness 10000) in paragraph at lines 2624--2625

 []


Underfull \hbox (badness 10000) in paragraph at lines 2640--2640

 []

[50]
Underfull \hbox (badness 10000) in paragraph at lines 2668--2668

 []


Underfull \hbox (badness 10000) in paragraph at lines 2689--2690

 []

[51]
Underfull \hbox (badness 10000) in paragraph at lines 2707--2708

 []

[52]
Underfull \hbox (badness 10000) in paragraph at lines 2733--2734

 []


Underfull \hbox (badness 10000) in paragraph at lines 2754--2754

 []

[53]
Underfull \hbox (badness 10000) in paragraph at lines 2763--2763

 []


Underfull \hbox (badness 10000) in paragraph at lines 2764--2765

 []


Underfull \hbox (badness 10000) in paragraph at lines 2767--2768

 []


Underfull \hbox (badness 10000) in paragraph at lines 2769--2770

 []


Underfull \hbox (badness 10000) in paragraph at lines 2780--2781

 []


Underfull \hbox (badness 10000) in paragraph at lines 2799--2799

 []

[54]
Underfull \hbox (badness 10000) in paragraph at lines 2802--2803

 []


Underfull \hbox (badness 10000) in paragraph at lines 2818--2818

 []


Underfull \hbox (badness 10000) in paragraph at lines 2819--2823

 []


Underfull \hbox (badness 10000) in paragraph at lines 2833--2833

 []


Underfull \hbox (badness 10000) in paragraph at lines 2834--2838

 []

[55]
Underfull \hbox (badness 10000) in paragraph at lines 2848--2848

 []


Underfull \hbox (badness 10000) in paragraph at lines 2849--2850

 []


Underfull \hbox (badness 10000) in paragraph at lines 2855--2856

 []


Underfull \hbox (badness 10000) in paragraph at lines 2872--2872

 []


Underfull \hbox (badness 10000) in paragraph at lines 2873--2874

 []


Underfull \hbox (badness 10000) in paragraph at lines 2882--2883

 []

[56]
Underfull \hbox (badness 10000) in paragraph at lines 2889--2890

 []


Underfull \hbox (badness 10000) in paragraph at lines 2905--2905

 []


Underfull \hbox (badness 10000) in paragraph at lines 2906--2907

 []


Underfull \hbox (badness 10000) in paragraph at lines 2917--2918

 []

[57]
Underfull \hbox (badness 10000) in paragraph at lines 2931--2932

 []


Underfull \hbox (badness 10000) in paragraph at lines 2947--2947

 []


Underfull \hbox (badness 10000) in paragraph at lines 2948--2949

 []


Underfull \hbox (badness 10000) in paragraph at lines 2950--2951

 []


Underfull \hbox (badness 10000) in paragraph at lines 2951--2952

 []


Underfull \hbox (badness 10000) in paragraph at lines 2955--2956

 []


Underfull \hbox (badness 10000) in paragraph at lines 2968--2968

 []

[58]
Underfull \hbox (badness 10000) in paragraph at lines 2971--2972

 []


Underfull \hbox (badness 10000) in paragraph at lines 2973--2974

 []


Underfull \hbox (badness 10000) in paragraph at lines 2979--2980

 []


Underfull \hbox (badness 10000) in paragraph at lines 2986--2987

 []

[59] ("./Math 140C Spolaor Lecture Notes.aux")
 ***********
LaTeX2e <2025-11-01>
L3 programming layer <2025-12-29>
 ***********
)

Here is how much of LuaTeX's memory you used:
 23348 strings out of 476081
 156279,953878 words of node,token memory allocated
 1681 words of node memory still in use:
   7 hlist, 2 vlist, 2 rule, 2 glue, 4 kern, 103 glyph, 120 attribute, 55 glue_spec, 120 attribute_list, 2 write nodes
   avail lists: 1:12,2:5311,3:369,4:344,5:2494,6:58,7:9800,8:106,9:4754,10:15,11:190
 45185 multiletter control sequences out of 65536+600000
 649 fonts using 82368167 bytes
 80i,29n,91p,920b,822s stack positions out of 10000i,1000n,20000p,200000b,200000s
<c:/Users/izzyo/AppData/Roaming/TinyTeX/texmf-dist/fonts/opentype/public/lm/lmsans10-regular.otf><c:/Users/izzyo/AppData/Roaming/TinyTeX/texmf-dist/fonts/opentype/public/lm/lmsans8-regular.otf><c:/Users/izzyo/AppData/Roaming/TinyTeX/texmf-dist/fonts/opentype/public/lm/lmsans9-regular.otf><c:/Windows/Fonts/calibrii.ttf><c:/Users/izzyo/AppData/Roaming/TinyTeX/texmf-dist/fonts/opentype/public/lm/lmromandemi10-regular.otf><c:/Windows/Fonts/calibri.ttf><c:/Windows/Fonts/calibrib.ttf><c:/Users/izzyo/AppData/Roaming/TinyTeX/texmf-dist/fonts/opentype/public/lm/lmroman10-regular.otf><c:/Users/izzyo/AppData/Roaming/TinyTeX/texmf-dist/fonts/opentype/public/lm/lmroman12-regular.otf><c:/Users/izzyo/AppData/Roaming/TinyTeX/texmf-dist/fonts/opentype/public/lm/lmroman17-regular.otf><c:/Users/izzyo/AppData/Roaming/TinyTeX/texmf-dist/fonts/type1/public/amsfonts/cm/cmex10.pfb><c:/Users/izzyo/AppData/Roaming/TinyTeX/texmf-dist/fonts/type1/public/amsfonts/cmextra/cmex9.pfb><c:/Users/izzyo/AppData/Roaming/TinyTeX/texmf-dist/fonts/type1/public/amsfonts/cm/cmmi10.pfb><c:/Users/izzyo/AppData/Roaming/TinyTeX/texmf-dist/fonts/type1/public/amsfonts/cm/cmmi12.pfb><c:/Users/izzyo/AppData/Roaming/TinyTeX/texmf-dist/fonts/type1/public/amsfonts/cm/cmmi6.pfb><c:/Users/izzyo/AppData/Roaming/TinyTeX/texmf-dist/fonts/type1/public/amsfonts/cm/cmmi7.pfb><c:/Users/izzyo/AppData/Roaming/TinyTeX/texmf-dist/fonts/type1/public/amsfonts/cm/cmmi8.pfb><c:/Users/izzyo/AppData/Roaming/TinyTeX/texmf-dist/fonts/type1/public/amsfonts/cm/cmmi9.pfb><c:/Users/izzyo/AppData/Roaming/TinyTeX/texmf-dist/fonts/type1/public/amsfonts/cm/cmr10.pfb><c:/Users/izzyo/AppData/Roaming/TinyTeX/texmf-dist/fonts/type1/public/amsfonts/cm/cmr12.pfb><c:/Users/izzyo/AppData/Roaming/TinyTeX/texmf-dist/fonts/type1/public/amsfonts/cm/cmr6.pfb><c:/Users/izzyo/AppData/Roaming/TinyTeX/texmf-dist/fonts/type1/public/amsfonts/cm/cmr7.pfb><c:/Users/izzyo/AppData/Roaming/TinyTeX/texmf-dist/fonts/type1/public/amsfonts/cm/cmr8.pfb><c:/Users/izzyo/AppData/Roaming/TinyTeX/texmf-dist/fonts/type1/public/amsfonts/cm/cmr9.pfb><c:/Users/izzyo/AppData/Roaming/TinyTeX/texmf-dist/fonts/type1/public/amsfonts/cm/cmsy10.pfb><c:/Users/izzyo/AppData/Roaming/TinyTeX/texmf-dist/fonts/type1/public/amsfonts/cm/cmsy6.pfb><c:/Users/izzyo/AppData/Roaming/TinyTeX/texmf-dist/fonts/type1/public/amsfonts/cm/cmsy7.pfb><c:/Users/izzyo/AppData/Roaming/TinyTeX/texmf-dist/fonts/type1/public/amsfonts/cm/cmsy8.pfb><c:/Users/izzyo/AppData/Roaming/TinyTeX/texmf-dist/fonts/type1/public/amsfonts/cm/cmsy9.pfb><c:/Users/izzyo/AppData/Roaming/TinyTeX/texmf-dist/fonts/type1/public/amsfonts/euler/eufm10.pfb><c:/Users/izzyo/AppData/Roaming/TinyTeX/texmf-dist/fonts/type1/public/amsfonts/symbols/msam10.pfb><c:/Users/izzyo/AppData/Roaming/TinyTeX/texmf-dist/fonts/type1/public/amsfonts/symbols/msbm10.pfb><c:/Users/izzyo/AppData/Roaming/TinyTeX/texmf-dist/fonts/type1/public/rsfs/rsfs10.pfb><c:/Users/izzyo/AppData/Roaming/TinyTeX/texmf-dist/fonts/type1/public/esvect/vect8.pfb><c:/Users/izzyo/AppData/Roaming/TinyTeX/texmf-dist/fonts/type1/public/esvect/vect9.pfb>
Output written on Math 140C Spolaor Lecture Notes.pdf (59 pages, 706378 bytes).

PDF statistics: 365 PDF objects out of 1000 (max. 8388607)
 244 compressed objects within 3 object streams
 0 named destinations out of 1000 (max. 131072)
 16 words of extra memory for PDF output out of 10000 (max. 100000000)

